  • electron-builder  version=26.8.1 os=10.0.26200
  • loaded configuration  file=D:\program\ZCode\packages\desktop\electron-builder.config.js
  • @electron/rebuild already used by electron-builder, please consider to remove excess dependency from devDependencies

To ensure your native dependencies are always matched electron version, simply add script `"postinstall": "electron-builder install-app-deps" to your `package.json`
[ci][timer] beforePack:restoreTargetNodePtyPrebuild start
[beforePack] node-pty prebuild restore skipped for win32-x64
[ci][timer] beforePack:restoreTargetNodePtyPrebuild end duration_ms=1
[ci][timer] beforePack:patchNsisInstallSection start
[ci][timer] beforePack:patchNsisInstallSection end duration_ms=17
  • skipped dependencies rebuild  reason=npmRebuild is set to false
  • packaging       platform=win32 arch=x64 electron=41.0.3 appOutDir=dist\win-unpacked
  • packageManager not detected by file, falling back to environment detection  resolvedPackageManager=pnpm detected=D:\program\ZCode\packages\desktop
  • packageManager not detected by file, falling back to environment detection  resolvedPackageManager=pnpm detected=D:\program\ZCode\packages\desktop
  • detected workspace root for project using process environment  pm=pnpm config=undefined resolved=undefined projectDir=D:\program\ZCode\packages\desktop
  • searching for node modules  pm=pnpm searchDir=D:\program\ZCode\packages\desktop
  • dependency not found on disk  dependencies=["buffer-crc32@1.0.0","pngjs@5.0.0","@radix-ui/react-primitive@2.1.4","@radix-ui/react-slot@1.2.4","marked@17.0.6","commander@14.0.3","diff@8.0.4","zod@3.25.76","fs-extra@11.3.4","mime-types@2.1.35","commander@8.3.0","tslib@2.3.0","yargs@15.4.1","immer@10.2.0","diff@8.0.3","@shikijs/types@3.23.0","@shikijs/types@3.23.0","@shikijs/engine-javascript@3.23.0","@shikijs/engine-oniguruma@3.23.0","@shikijs/langs@3.23.0","@shikijs/themes@3.23.0","kleur@3.0.3","execa@9.6.1","commander@11.1.0","which@4.0.0","execa@5.1.1","get-stream@6.0.1","human-signals@2.1.0","is-stream@2.0.1","signal-exit@3.0.7","strip-final-newline@2.0.0","npm-run-path@4.0.1","open@11.0.0","ora@8.2.0","wrap-ansi@7.0.0","semver@6.3.1","ts-morph@26.0.0","zod@3.25.76","mime-db@1.52.0","tslib@2.3.0","readable-stream@2.3.8","y18n@4.0.3","yargs-parser@18.1.3","cliui@6.0.0","find-up@4.1.0","@shikijs/types@3.23.0","cose-base@2.2.0","layout-base@2.0.1","d3-array@2.12.1","d3-shape@1.3.7","internmap@1.0.1","d3-path@1.0.9","is-obj@3.0.0","ast-types@0.16.1","human-signals@8.0.1","strip-final-newline@4.0.0","get-stream@9.0.1","npm-run-path@6.0.0","data-uri-to-buffer@4.0.1","wsl-utils@0.3.1","chalk@5.6.2","log-symbols@6.0.0","picomatch@2.3.2","cookie@1.1.1","path-to-regexp@6.3.0","type-fest@5.5.0","strip-ansi@6.0.1","ansi-styles@4.3.0","semver@6.3.1","@ts-morph/common@0.27.0","semver@6.3.1","ajv@8.18.0","oniguruma-parser@0.12.1","core-util-is@1.0.3","string_decoder@1.1.1","locate-path@5.0.0","commander@7.2.0","@types/unist@2.0.11","resolve-from@4.0.0","which@2.0.2","mimic-fn@2.1.0","onetime@7.0.0","ansi-regex@5.0.1","lru-cache@5.1.1","json-schema-traverse@1.0.0","iconv-lite@0.7.2","p-locate@4.1.0","pkg-types@1.3.1","entities@6.0.1","isexe@2.0.0","yallist@3.1.1","brace-expansion@5.0.5","p-limit@2.3.0","confbox@0.1.8","escape-string-regexp@5.0.0","balanced-match@4.0.4"]
  • updating asar integrity executable resource  executablePath=dist\win-unpacked\DWeis Next.exe
  • signing with signtool.exe  path=dist\win-unpacked\resources\tools\ugrep\ugrep.exe
  • signing with signtool.exe  path=dist\win-unpacked\resources\tools\ripgrep\rg.exe
[ci][timer] afterPack:injectHoistedRuntimeModulesIntoAsar start
[ci][timer] afterPack:scan-missing-runtime-modules start
[ci][timer] afterPack:scan-missing-runtime-modules end duration_ms=648
[afterPack] missing runtime modules count=1
[ci][timer] afterPack:asar-extract start
[ci][timer] afterPack:asar-extract end duration_ms=53557
[ci][timer] afterPack:copy-runtime-modules start
[ci][timer] afterPack:copy-runtime-modules end duration_ms=125
[ci][timer] afterPack:asar-pack start
[ci][timer] afterPack:asar-pack end duration_ms=81660
[ci][timer] afterPack:injectHoistedRuntimeModulesIntoAsar end duration_ms=154988
[ci][timer] afterPack:stripPackagedSourcemapReferences start
[ci][timer] afterPack:sourcemap-cleanup:asar-extract start
[ci][timer] afterPack:sourcemap-cleanup:asar-extract end duration_ms=65427
[afterPack] stripped sourceMappingURL references=4499 files=4477 maps=0
[ci][timer] afterPack:sourcemap-cleanup:asar-pack start
[ci][timer] afterPack:sourcemap-cleanup:asar-pack end duration_ms=57205
[afterPack] resources sourcemap cleanup references=0 files=0 maps=0
[ci][timer] afterPack:stripPackagedSourcemapReferences end duration_ms=168462
[ci][timer] afterPack:assertPackagedNativeResourcePolicy start
[ci][timer] afterPack:assertPackagedNativeResourcePolicy end duration_ms=360
[ci][timer] afterPack:assertPackagedNodePtyPrebuild start
[ci][timer] afterPack:assertPackagedNodePtyPrebuild end duration_ms=1
[ci][timer] afterPack:writeWindowsInstallManifest start
[ci][timer] afterPack:writeWindowsInstallManifest end duration_ms=25
  • signing with signtool.exe  path=dist\win-unpacked\DWeis Next.exe
  • signing with signtool.exe  path=dist\win-unpacked\resources\app.asar.unpacked\node_modules\ssh2\util\pagent.exe
  • signing with signtool.exe  path=dist\win-unpacked\resources\app.asar.unpacked\node_modules\node-pty\third_party\conpty\1.23.251008001\win10-x64\OpenConsole.exe
  • signing with signtool.exe  path=dist\win-unpacked\resources\app.asar.unpacked\node_modules\node-pty\third_party\conpty\1.23.251008001\win10-arm64\OpenConsole.exe
  • signing with signtool.exe  path=dist\win-unpacked\resources\app.asar.unpacked\node_modules\node-pty\prebuilds\win32-x64\winpty-agent.exe
  • signing with signtool.exe  path=dist\win-unpacked\resources\app.asar.unpacked\node_modules\node-pty\prebuilds\win32-x64\conpty\OpenConsole.exe
  • building        target=nsis file=dist\DWeis Next-3.14.3-win-x64.exe archs=x64 oneClick=false perMachine=false
  • signing with signtool.exe  path=dist\win-unpacked\resources\elevate.exe
  • signing with signtool.exe  path=dist\DWeis Next-3.14.3-win-x64.__uninstaller.exe
  • signing with signtool.exe  path=dist\DWeis Next-3.14.3-win-x64.exe
  • building block map  blockMapFile=dist\DWeis Next-3.14.3-win-x64.exe.blockmap
EB_EXIT:0
